Book 'It Ends With Us' added to the library.
Book 'It Starts With Us' added to the library.
Book 'The Lean Startup' added to the library.
Book 'Zero to One' added to the library.
Book already exists in the library.
Book 'It Ends With Us' added to the library.
Book 'It Starts With Us' added to the library.
Book 'The Lean Startup' added to the library.
Book 'It Ends With Us' has been borrowed.
Book not available or not found.
Book not available or not found.
Book 'It Ends With Us' added to the library.
Book 'It Starts With Us' added to the library.
Book 'The Lean Startup' added to the library.
Book 'It Ends With Us' has been borrowed.
Book 'It Ends With Us' has been returned.
Book 'It Ends With Us' was not borrowed.
Book not found in the library.
Book 'It Ends With Us' added to the library.
Book 'It Starts With Us' added to the library.
Book 'The Lean Startup' added to the library.
Available books:
Book(1, 'It Ends With Us', 'Colleen Hoover', 2016, Available: True)
Book(2, 'It Starts With Us', 'Colleen Hoover', 2022, Available: True)
Book(3, 'The Lean Startup', 'Eric Ries', 2011, Available: True)
Book 'It Ends With Us' has been borrowed.
Available books:
Book(2, 'It Starts With Us', 'Colleen Hoover', 2022, Available: True)
Book(3, 'The Lean Startup', 'Eric Ries', 2011, Available: True)
Book 'It Ends With Us' has been returned.
Available books:
Book(1, 'It Ends With Us', 'Colleen Hoover', 2016, Available: True)
Book(2, 'It Starts With Us', 'Colleen Hoover', 2022, Available: True)
Book(3, 'The Lean Startup', 'Eric Ries', 2011, Available: True)
